$ bazel test //tests/...
//tests:a_test FAILED
//tests:b_test FAILED
//tests:c_test FAILED

$ bazel test //tests/... --test_tag_filters=a
//tests:a_test FAILED

$ bazel test //tests/... --test_tag_filters=-b
//tests:a_test FAILED
//tests:c_test FAILED

$ bazel test //suites:no_tags
//tests:a_test FAILED
//tests:b_test FAILED
//tests:c_test FAILED

$ bazel test //suites:no_tags --test_tag_filters=a
//tests:a_test FAILED

$ bazel test //suites:no_tags --test_tag_filters=-b
//tests:a_test FAILED
//tests:c_test FAILED

$ bazel test //suites:a_tag
//tests:a_test FAILED

$ bazel test //suites:minus_b_tag
//tests:a_test FAILED
//tests:c_test FAILED

